Analysis & Synthesis report for Elevador
Tue Jan 17 13:49:39 2023
Quartus Prime Version 20.1.1 Build 720 11/11/2020 SJ Lite Edition


---------------------
; Table of Contents ;
---------------------
  1. Legal Notice
  2. Analysis & Synthesis Summary
  3. Analysis & Synthesis Settings
  4. Parallel Compilation
  5. Analysis & Synthesis Source Files Read
  6. Analysis & Synthesis Resource Usage Summary
  7. Analysis & Synthesis Resource Utilization by Entity
  8. State Machine - |Elevador|estado_pres
  9. State Machine - |Elevador|MotorPasos:U3|pres_s
 10. User-Specified and Inferred Latches
 11. Registers Removed During Synthesis
 12. General Register Statistics
 13. Multiplexer Restructuring Statistics (Restructuring Performed)
 14. Parameter Settings for Inferred Entity Instance: PWMServomotor:U2|lpm_divide:Mod0
 15. Port Connectivity Checks: "Sensor:U4"
 16. Port Connectivity Checks: "MotorPasos:U3"
 17. Port Connectivity Checks: "PWMServomotor:U2"
 18. Post-Synthesis Netlist Statistics for Top Partition
 19. Elapsed Time Per Partition
 20. Analysis & Synthesis Messages



----------------
; Legal Notice ;
----------------
Copyright (C) 2020  Intel Corporation. All rights reserved.
Your use of Intel Corporation's design tools, logic functions 
and other software and tools, and any partner logic 
functions, and any output files from any of the foregoing 
(including device programming or simulation files), and any 
associated documentation or information are expressly subject 
to the terms and conditions of the Intel Program License 
Subscription Agreement, the Intel Quartus Prime License Agreement,
the Intel FPGA IP License Agreement, or other applicable license
agreement, including, without limitation, that your use is for
the sole purpose of programming logic devices manufactured by
Intel and sold by Intel or its authorized distributors.  Please
refer to the applicable agreement for further details, at
https://fpgasoftware.intel.com/eula.



+----------------------------------------------------------------------------------+
; Analysis & Synthesis Summary                                                     ;
+------------------------------------+---------------------------------------------+
; Analysis & Synthesis Status        ; Successful - Tue Jan 17 13:49:37 2023       ;
; Quartus Prime Version              ; 20.1.1 Build 720 11/11/2020 SJ Lite Edition ;
; Revision Name                      ; Elevador                                    ;
; Top-level Entity Name              ; Elevador                                    ;
; Family                             ; MAX 10                                      ;
; Total logic elements               ; 276                                         ;
;     Total combinational functions  ; 256                                         ;
;     Dedicated logic registers      ; 108                                         ;
; Total registers                    ; 108                                         ;
; Total pins                         ; 25                                          ;
; Total virtual pins                 ; 0                                           ;
; Total memory bits                  ; 0                                           ;
; Embedded Multiplier 9-bit elements ; 0                                           ;
; Total PLLs                         ; 0                                           ;
; UFM blocks                         ; 0                                           ;
; ADC blocks                         ; 0                                           ;
+------------------------------------+---------------------------------------------+


+------------------------------------------------------------------------------------------------------------+
; Analysis & Synthesis Settings                                                                              ;
+------------------------------------------------------------------+--------------------+--------------------+
; Option                                                           ; Setting            ; Default Value      ;
+------------------------------------------------------------------+--------------------+--------------------+
; Device                                                           ; 10M50DAF484C7G     ;                    ;
; Top-level entity name                                            ; Elevador           ; Elevador           ;
; Family name                                                      ; MAX 10             ; Cyclone V          ;
; Use smart compilation                                            ; Off                ; Off                ;
; Enable parallel Assembler and Timing Analyzer during compilation ; On                 ; On                 ;
; Enable compact report table                                      ; Off                ; Off                ;
; Restructure Multiplexers                                         ; Auto               ; Auto               ;
; Create Debugging Nodes for IP Cores                              ; Off                ; Off                ;
; Preserve fewer node names                                        ; On                 ; On                 ;
; Intel FPGA IP Evaluation Mode                                    ; Enable             ; Enable             ;
; Verilog Version                                                  ; Verilog_2001       ; Verilog_2001       ;
; VHDL Version                                                     ; VHDL_1993          ; VHDL_1993          ;
; State Machine Processing                                         ; Auto               ; Auto               ;
; Safe State Machine                                               ; Off                ; Off                ;
; Extract Verilog State Machines                                   ; On                 ; On                 ;
; Extract VHDL State Machines                                      ; On                 ; On                 ;
; Ignore Verilog initial constructs                                ; Off                ; Off                ;
; Iteration limit for constant Verilog loops                       ; 5000               ; 5000               ;
; Iteration limit for non-constant Verilog loops                   ; 250                ; 250                ;
; Add Pass-Through Logic to Inferred RAMs                          ; On                 ; On                 ;
; Infer RAMs from Raw Logic                                        ; On                 ; On                 ;
; Parallel Synthesis                                               ; On                 ; On                 ;
; DSP Block Balancing                                              ; Auto               ; Auto               ;
; NOT Gate Push-Back                                               ; On                 ; On                 ;
; Power-Up Don't Care                                              ; On                 ; On                 ;
; Remove Redundant Logic Cells                                     ; Off                ; Off                ;
; Remove Duplicate Registers                                       ; On                 ; On                 ;
; Ignore CARRY Buffers                                             ; Off                ; Off                ;
; Ignore CASCADE Buffers                                           ; Off                ; Off                ;
; Ignore GLOBAL Buffers                                            ; Off                ; Off                ;
; Ignore ROW GLOBAL Buffers                                        ; Off                ; Off                ;
; Ignore LCELL Buffers                                             ; Off                ; Off                ;
; Ignore SOFT Buffers                                              ; On                 ; On                 ;
; Limit AHDL Integers to 32 Bits                                   ; Off                ; Off                ;
; Optimization Technique                                           ; Balanced           ; Balanced           ;
; Carry Chain Length                                               ; 70                 ; 70                 ;
; Auto Carry Chains                                                ; On                 ; On                 ;
; Auto Open-Drain Pins                                             ; On                 ; On                 ;
; Perform WYSIWYG Primitive Resynthesis                            ; Off                ; Off                ;
; Auto ROM Replacement                                             ; On                 ; On                 ;
; Auto RAM Replacement                                             ; On                 ; On                 ;
; Auto DSP Block Replacement                                       ; On                 ; On                 ;
; Auto Shift Register Replacement                                  ; Auto               ; Auto               ;
; Allow Shift Register Merging across Hierarchies                  ; Auto               ; Auto               ;
; Auto Clock Enable Replacement                                    ; On                 ; On                 ;
; Strict RAM Replacement                                           ; Off                ; Off                ;
; Allow Synchronous Control Signals                                ; On                 ; On                 ;
; Force Use of Synchronous Clear Signals                           ; Off                ; Off                ;
; Auto RAM Block Balancing                                         ; On                 ; On                 ;
; Auto RAM to Logic Cell Conversion                                ; Off                ; Off                ;
; Auto Resource Sharing                                            ; Off                ; Off                ;
; Allow Any RAM Size For Recognition                               ; Off                ; Off                ;
; Allow Any ROM Size For Recognition                               ; Off                ; Off                ;
; Allow Any Shift Register Size For Recognition                    ; Off                ; Off                ;
; Use LogicLock Constraints during Resource Balancing              ; On                 ; On                 ;
; Ignore translate_off and synthesis_off directives                ; Off                ; Off                ;
; Timing-Driven Synthesis                                          ; On                 ; On                 ;
; Report Parameter Settings                                        ; On                 ; On                 ;
; Report Source Assignments                                        ; On                 ; On                 ;
; Report Connectivity Checks                                       ; On                 ; On                 ;
; Ignore Maximum Fan-Out Assignments                               ; Off                ; Off                ;
; Synchronization Register Chain Length                            ; 2                  ; 2                  ;
; Power Optimization During Synthesis                              ; Normal compilation ; Normal compilation ;
; HDL message level                                                ; Level2             ; Level2             ;
; Suppress Register Optimization Related Messages                  ; Off                ; Off                ;
; Number of Removed Registers Reported in Synthesis Report         ; 5000               ; 5000               ;
; Number of Swept Nodes Reported in Synthesis Report               ; 5000               ; 5000               ;
; Number of Inverted Registers Reported in Synthesis Report        ; 100                ; 100                ;
; Clock MUX Protection                                             ; On                 ; On                 ;
; Auto Gated Clock Conversion                                      ; Off                ; Off                ;
; Block Design Naming                                              ; Auto               ; Auto               ;
; SDC constraint protection                                        ; Off                ; Off                ;
; Synthesis Effort                                                 ; Auto               ; Auto               ;
; Shift Register Replacement - Allow Asynchronous Clear Signal     ; On                 ; On                 ;
; Pre-Mapping Resynthesis Optimization                             ; Off                ; Off                ;
; Analysis & Synthesis Message Level                               ; Medium             ; Medium             ;
; Disable Register Merging Across Hierarchies                      ; Auto               ; Auto               ;
; Resource Aware Inference For Block RAM                           ; On                 ; On                 ;
+------------------------------------------------------------------+--------------------+--------------------+


+------------------------------------------+
; Parallel Compilation                     ;
+----------------------------+-------------+
; Processors                 ; Number      ;
+----------------------------+-------------+
; Number detected on machine ; 4           ;
; Maximum allowed            ; 2           ;
;                            ;             ;
; Average used               ; 1.00        ;
; Maximum used               ; 2           ;
;                            ;             ;
; Usage by Processor         ; % Time Used ;
;     Processor 1            ; 100.0%      ;
;     Processor 2            ;   0.0%      ;
+----------------------------+-------------+


+--------------------------------------------------------------------------------------------------------------------------------------------------------------------------+
; Analysis & Synthesis Source Files Read                                                                                                                                   ;
+----------------------------------+-----------------+------------------------------+----------------------------------------------------------------------------+---------+
; File Name with User-Entered Path ; Used in Netlist ; File Type                    ; File Name with Absolute Path                                               ; Library ;
+----------------------------------+-----------------+------------------------------+----------------------------------------------------------------------------+---------+
; Elevador.vhd                     ; yes             ; User VHDL File               ; C:/Users/Brain/Downloads/VHDL/Elevador.vhd                                 ;         ;
; PWMServomotor.vhd                ; yes             ; User VHDL File               ; C:/Users/Brain/Downloads/VHDL/PWMServomotor.vhd                            ;         ;
; DivisorServomotor.vhd            ; yes             ; User VHDL File               ; C:/Users/Brain/Downloads/VHDL/DivisorServomotor.vhd                        ;         ;
; MotorPasos.vhd                   ; yes             ; User VHDL File               ; C:/Users/Brain/Downloads/VHDL/MotorPasos.vhd                               ;         ;
; Sensor.vhd                       ; yes             ; User VHDL File               ; C:/Users/Brain/Downloads/VHDL/Sensor.vhd                                   ;         ;
; lpm_divide.tdf                   ; yes             ; Megafunction                 ; c:/intelfpga_lite/20.1/quartus/libraries/megafunctions/lpm_divide.tdf      ;         ;
; abs_divider.inc                  ; yes             ; Megafunction                 ; c:/intelfpga_lite/20.1/quartus/libraries/megafunctions/abs_divider.inc     ;         ;
; sign_div_unsign.inc              ; yes             ; Megafunction                 ; c:/intelfpga_lite/20.1/quartus/libraries/megafunctions/sign_div_unsign.inc ;         ;
; aglobal201.inc                   ; yes             ; Megafunction                 ; c:/intelfpga_lite/20.1/quartus/libraries/megafunctions/aglobal201.inc      ;         ;
; db/lpm_divide_gnl.tdf            ; yes             ; Auto-Generated Megafunction  ; C:/Users/Brain/Downloads/VHDL/db/lpm_divide_gnl.tdf                        ;         ;
; db/sign_div_unsign_fnh.tdf       ; yes             ; Auto-Generated Megafunction  ; C:/Users/Brain/Downloads/VHDL/db/sign_div_unsign_fnh.tdf                   ;         ;
; db/alt_u_div_8le.tdf             ; yes             ; Auto-Generated Megafunction  ; C:/Users/Brain/Downloads/VHDL/db/alt_u_div_8le.tdf                         ;         ;
; db/add_sub_t3c.tdf               ; yes             ; Auto-Generated Megafunction  ; C:/Users/Brain/Downloads/VHDL/db/add_sub_t3c.tdf                           ;         ;
; db/add_sub_u3c.tdf               ; yes             ; Auto-Generated Megafunction  ; C:/Users/Brain/Downloads/VHDL/db/add_sub_u3c.tdf                           ;         ;
+----------------------------------+-----------------+------------------------------+----------------------------------------------------------------------------+---------+


+---------------------------------------------------------+
; Analysis & Synthesis Resource Usage Summary             ;
+---------------------------------------------+-----------+
; Resource                                    ; Usage     ;
+---------------------------------------------+-----------+
; Estimated Total logic elements              ; 276       ;
;                                             ;           ;
; Total combinational functions               ; 256       ;
; Logic element usage by number of LUT inputs ;           ;
;     -- 4 input functions                    ; 74        ;
;     -- 3 input functions                    ; 45        ;
;     -- <=2 input functions                  ; 137       ;
;                                             ;           ;
; Logic elements by mode                      ;           ;
;     -- normal mode                          ; 151       ;
;     -- arithmetic mode                      ; 105       ;
;                                             ;           ;
; Total registers                             ; 108       ;
;     -- Dedicated logic registers            ; 108       ;
;     -- I/O registers                        ; 0         ;
;                                             ;           ;
; I/O pins                                    ; 25        ;
;                                             ;           ;
; Embedded Multiplier 9-bit elements          ; 0         ;
;                                             ;           ;
; Maximum fan-out node                        ; clk~input ;
; Maximum fan-out                             ; 67        ;
; Total fan-out                               ; 1024      ;
; Average fan-out                             ; 2.47      ;
+---------------------------------------------+-----------+


+------------------------------------------------------------------------------------------------------------------------------------------------------------------------------------------------------------------------------------------------------------------------------------------------------------------------------------------------------------------+
; Analysis & Synthesis Resource Utilization by Entity                                                                                                                                                                                                                                                                                                              ;
+-------------------------------------------+---------------------+---------------------------+-------------+------------+--------------+---------+-----------+------+--------------+------------+----------------------------------------------------------------------------------------------------------------------------+---------------------+--------------+
; Compilation Hierarchy Node                ; Combinational ALUTs ; Dedicated Logic Registers ; Memory Bits ; UFM Blocks ; DSP Elements ; DSP 9x9 ; DSP 18x18 ; Pins ; Virtual Pins ; ADC blocks ; Full Hierarchy Name                                                                                                        ; Entity Name         ; Library Name ;
+-------------------------------------------+---------------------+---------------------------+-------------+------------+--------------+---------+-----------+------+--------------+------------+----------------------------------------------------------------------------------------------------------------------------+---------------------+--------------+
; |Elevador                                 ; 256 (65)            ; 108 (36)                  ; 0           ; 0          ; 0            ; 0       ; 0         ; 25   ; 0            ; 0          ; |Elevador                                                                                                                  ; Elevador            ; work         ;
;    |DivisorServomotor:U1|                 ; 3 (3)               ; 1 (1)                     ; 0           ; 0          ; 0            ; 0       ; 0         ; 0    ; 0            ; 0          ; |Elevador|DivisorServomotor:U1                                                                                             ; DivisorServomotor   ; work         ;
;    |MotorPasos:U3|                        ; 9 (9)               ; 6 (6)                     ; 0           ; 0          ; 0            ; 0       ; 0         ; 0    ; 0            ; 0          ; |Elevador|MotorPasos:U3                                                                                                    ; MotorPasos          ; work         ;
;    |PWMServomotor:U2|                     ; 115 (32)            ; 17 (17)                   ; 0           ; 0          ; 0            ; 0       ; 0         ; 0    ; 0            ; 0          ; |Elevador|PWMServomotor:U2                                                                                                 ; PWMServomotor       ; work         ;
;       |lpm_divide:Mod0|                   ; 83 (0)              ; 0 (0)                     ; 0           ; 0          ; 0            ; 0       ; 0         ; 0    ; 0            ; 0          ; |Elevador|PWMServomotor:U2|lpm_divide:Mod0                                                                                 ; lpm_divide          ; work         ;
;          |lpm_divide_gnl:auto_generated|  ; 83 (0)              ; 0 (0)                     ; 0           ; 0          ; 0            ; 0       ; 0         ; 0    ; 0            ; 0          ; |Elevador|PWMServomotor:U2|lpm_divide:Mod0|lpm_divide_gnl:auto_generated                                                   ; lpm_divide_gnl      ; work         ;
;             |sign_div_unsign_fnh:divider| ; 83 (0)              ; 0 (0)                     ; 0           ; 0          ; 0            ; 0       ; 0         ; 0    ; 0            ; 0          ; |Elevador|PWMServomotor:U2|lpm_divide:Mod0|lpm_divide_gnl:auto_generated|sign_div_unsign_fnh:divider                       ; sign_div_unsign_fnh ; work         ;
;                |alt_u_div_8le:divider|    ; 83 (83)             ; 0 (0)                     ; 0           ; 0          ; 0            ; 0       ; 0         ; 0    ; 0            ; 0          ; |Elevador|PWMServomotor:U2|lpm_divide:Mod0|lpm_divide_gnl:auto_generated|sign_div_unsign_fnh:divider|alt_u_div_8le:divider ; alt_u_div_8le       ; work         ;
;    |Sensor:U4|                            ; 64 (64)             ; 48 (48)                   ; 0           ; 0          ; 0            ; 0       ; 0         ; 0    ; 0            ; 0          ; |Elevador|Sensor:U4                                                                                                        ; Sensor              ; work         ;
+-------------------------------------------+---------------------+---------------------------+-------------+------------+--------------+---------+-----------+------+--------------+------------+----------------------------------------------------------------------------------------------------------------------------+---------------------+--------------+
Note: For table entries with two numbers listed, the numbers in parentheses indicate the number of resources of the given type used by the specific entity alone. The numbers listed outside of parentheses indicate the total resources of the given type used by the specific entity and all of its sub-entities in the hierarchy.


Encoding Type:  One-Hot
+----------------------------------------------------------------------------------------------------------------------------------------------------------------------------------------------------------------------------------------+
; State Machine - |Elevador|estado_pres                                                                                                                                                                                                  ;
+-----------------------+----------------------+----------------------+----------------------+-----------------------+-----------------------+-----------------------+----------------+----------------+----------------+----------------+
; Name                  ; estado_pres.Bajando3 ; estado_pres.Bajando2 ; estado_pres.Bajando1 ; estado_pres.Subiendo3 ; estado_pres.Subiendo2 ; estado_pres.Subiendo1 ; estado_pres.P3 ; estado_pres.P2 ; estado_pres.P1 ; estado_pres.PB ;
+-----------------------+----------------------+----------------------+----------------------+-----------------------+-----------------------+-----------------------+----------------+----------------+----------------+----------------+
; estado_pres.PB        ; 0                    ; 0                    ; 0                    ; 0                     ; 0                     ; 0                     ; 0              ; 0              ; 0              ; 0              ;
; estado_pres.P1        ; 0                    ; 0                    ; 0                    ; 0                     ; 0                     ; 0                     ; 0              ; 0              ; 1              ; 1              ;
; estado_pres.P2        ; 0                    ; 0                    ; 0                    ; 0                     ; 0                     ; 0                     ; 0              ; 1              ; 0              ; 1              ;
; estado_pres.P3        ; 0                    ; 0                    ; 0                    ; 0                     ; 0                     ; 0                     ; 1              ; 0              ; 0              ; 1              ;
; estado_pres.Subiendo1 ; 0                    ; 0                    ; 0                    ; 0                     ; 0                     ; 1                     ; 0              ; 0              ; 0              ; 1              ;
; estado_pres.Subiendo2 ; 0                    ; 0                    ; 0                    ; 0                     ; 1                     ; 0                     ; 0              ; 0              ; 0              ; 1              ;
; estado_pres.Subiendo3 ; 0                    ; 0                    ; 0                    ; 1                     ; 0                     ; 0                     ; 0              ; 0              ; 0              ; 1              ;
; estado_pres.Bajando1  ; 0                    ; 0                    ; 1                    ; 0                     ; 0                     ; 0                     ; 0              ; 0              ; 0              ; 1              ;
; estado_pres.Bajando2  ; 0                    ; 1                    ; 0                    ; 0                     ; 0                     ; 0                     ; 0              ; 0              ; 0              ; 1              ;
; estado_pres.Bajando3  ; 1                    ; 0                    ; 0                    ; 0                     ; 0                     ; 0                     ; 0              ; 0              ; 0              ; 1              ;
+-----------------------+----------------------+----------------------+----------------------+-----------------------+-----------------------+-----------------------+----------------+----------------+----------------+----------------+


Encoding Type:  One-Hot
+-------------------------------------------------------------------------------------------------------------------------------------------------------------+
; State Machine - |Elevador|MotorPasos:U3|pres_s                                                                                                              ;
+-------------+-------------+------------+------------+------------+------------+------------+------------+------------+------------+------------+------------+
; Name        ; pres_s.sm10 ; pres_s.sm9 ; pres_s.sm8 ; pres_s.sm7 ; pres_s.sm6 ; pres_s.sm5 ; pres_s.sm4 ; pres_s.sm3 ; pres_s.sm2 ; pres_s.sm1 ; pres_s.sm0 ;
+-------------+-------------+------------+------------+------------+------------+------------+------------+------------+------------+------------+------------+
; pres_s.sm0  ; 0           ; 0          ; 0          ; 0          ; 0          ; 0          ; 0          ; 0          ; 0          ; 0          ; 0          ;
; pres_s.sm1  ; 0           ; 0          ; 0          ; 0          ; 0          ; 0          ; 0          ; 0          ; 0          ; 1          ; 1          ;
; pres_s.sm2  ; 0           ; 0          ; 0          ; 0          ; 0          ; 0          ; 0          ; 0          ; 1          ; 0          ; 1          ;
; pres_s.sm3  ; 0           ; 0          ; 0          ; 0          ; 0          ; 0          ; 0          ; 1          ; 0          ; 0          ; 1          ;
; pres_s.sm4  ; 0           ; 0          ; 0          ; 0          ; 0          ; 0          ; 1          ; 0          ; 0          ; 0          ; 1          ;
; pres_s.sm5  ; 0           ; 0          ; 0          ; 0          ; 0          ; 1          ; 0          ; 0          ; 0          ; 0          ; 1          ;
; pres_s.sm6  ; 0           ; 0          ; 0          ; 0          ; 1          ; 0          ; 0          ; 0          ; 0          ; 0          ; 1          ;
; pres_s.sm7  ; 0           ; 0          ; 0          ; 1          ; 0          ; 0          ; 0          ; 0          ; 0          ; 0          ; 1          ;
; pres_s.sm8  ; 0           ; 0          ; 1          ; 0          ; 0          ; 0          ; 0          ; 0          ; 0          ; 0          ; 1          ;
; pres_s.sm9  ; 0           ; 1          ; 0          ; 0          ; 0          ; 0          ; 0          ; 0          ; 0          ; 0          ; 1          ;
; pres_s.sm10 ; 1           ; 0          ; 0          ; 0          ; 0          ; 0          ; 0          ; 0          ; 0          ; 0          ; 1          ;
+-------------+-------------+------------+------------+------------+------------+------------+------------+------------+------------+------------+------------+


+---------------------------------------------------------------------------------------------------+
; User-Specified and Inferred Latches                                                               ;
+----------------------------------------------------+---------------------+------------------------+
; Latch Name                                         ; Latch Enable Signal ; Free of Timing Hazards ;
+----------------------------------------------------+---------------------+------------------------+
; direccion                                          ; WideOr17            ; yes                    ;
; Number of user-specified and inferred latches = 1  ;                     ;                        ;
+----------------------------------------------------+---------------------+------------------------+
Note: All latches listed above may not be present at the end of synthesis due to various synthesis optimizations.


+-----------------------------------------------------------------------------------+
; Registers Removed During Synthesis                                                ;
+----------------------------------------+------------------------------------------+
; Register name                          ; Reason for Removal                       ;
+----------------------------------------+------------------------------------------+
; DivisorServomotor:U1|cuenta[0]         ; Merged with div[0]                       ;
; Sensor:U4|centimetros[0]               ; Merged with Sensor:U4|centimetros_bin[0] ;
; DivisorServomotor:U1|cuenta[1]         ; Merged with div[1]                       ;
; Sensor:U4|centimetros[1]               ; Merged with Sensor:U4|centimetros_bin[1] ;
; DivisorServomotor:U1|cuenta[2]         ; Merged with div[2]                       ;
; Sensor:U4|centimetros[2]               ; Merged with Sensor:U4|centimetros_bin[2] ;
; Sensor:U4|centimetros[3]               ; Merged with Sensor:U4|centimetros_bin[3] ;
; Sensor:U4|centimetros[4]               ; Merged with Sensor:U4|centimetros_bin[4] ;
; Sensor:U4|centimetros[5]               ; Merged with Sensor:U4|centimetros_bin[5] ;
; Sensor:U4|centimetros[6]               ; Merged with Sensor:U4|centimetros_bin[6] ;
; Sensor:U4|centimetros[7]               ; Merged with Sensor:U4|centimetros_bin[7] ;
; Sensor:U4|centimetros[8]               ; Merged with Sensor:U4|centimetros_bin[8] ;
; Sensor:U4|centimetros[9]               ; Merged with Sensor:U4|centimetros_bin[9] ;
; MotorPasos:U3|pres_s.sm3               ; Stuck at GND due to stuck port data_in   ;
; MotorPasos:U3|pres_s.sm5               ; Stuck at GND due to stuck port data_in   ;
; MotorPasos:U3|pres_s.sm7               ; Stuck at GND due to stuck port data_in   ;
; MotorPasos:U3|pres_s.sm9               ; Stuck at GND due to stuck port data_in   ;
; MotorPasos:U3|pres_s.sm10              ; Stuck at GND due to stuck port data_in   ;
; DivisorServomotor:U1|cuenta[4..27]     ; Lost fanout                              ;
; Total Number of Removed Registers = 42 ;                                          ;
+----------------------------------------+------------------------------------------+


+------------------------------------------------------+
; General Register Statistics                          ;
+----------------------------------------------+-------+
; Statistic                                    ; Value ;
+----------------------------------------------+-------+
; Total registers                              ; 108   ;
; Number of registers using Synchronous Clear  ; 33    ;
; Number of registers using Synchronous Load   ; 0     ;
; Number of registers using Asynchronous Clear ; 0     ;
; Number of registers using Asynchronous Load  ; 0     ;
; Number of registers using Clock Enable       ; 43    ;
; Number of registers using Preset             ; 0     ;
+----------------------------------------------+-------+


+------------------------------------------------------------------------------------------------------------------------------------------------------+
; Multiplexer Restructuring Statistics (Restructuring Performed)                                                                                       ;
+--------------------+-----------+---------------+----------------------+------------------------+------------+----------------------------------------+
; Multiplexer Inputs ; Bus Width ; Baseline Area ; Area if Restructured ; Saving if Restructured ; Registered ; Example Multiplexer Output             ;
+--------------------+-----------+---------------+----------------------+------------------------+------------+----------------------------------------+
; 3:1                ; 16 bits   ; 32 LEs        ; 16 LEs               ; 16 LEs                 ; Yes        ; |Elevador|Sensor:U4|centimetros_bin[9] ;
; 6:1                ; 17 bits   ; 68 LEs        ; 17 LEs               ; 51 LEs                 ; Yes        ; |Elevador|Sensor:U4|cuenta[7]          ;
+--------------------+-----------+---------------+----------------------+------------------------+------------+----------------------------------------+


+-----------------------------------------------------------------------------------+
; Parameter Settings for Inferred Entity Instance: PWMServomotor:U2|lpm_divide:Mod0 ;
+------------------------+----------------+-----------------------------------------+
; Parameter Name         ; Value          ; Type                                    ;
+------------------------+----------------+-----------------------------------------+
; LPM_WIDTHN             ; 17             ; Untyped                                 ;
; LPM_WIDTHD             ; 17             ; Untyped                                 ;
; LPM_NREPRESENTATION    ; UNSIGNED       ; Untyped                                 ;
; LPM_DREPRESENTATION    ; UNSIGNED       ; Untyped                                 ;
; LPM_PIPELINE           ; 0              ; Untyped                                 ;
; LPM_REMAINDERPOSITIVE  ; TRUE           ; Untyped                                 ;
; MAXIMIZE_SPEED         ; 5              ; Untyped                                 ;
; CBXI_PARAMETER         ; lpm_divide_gnl ; Untyped                                 ;
; CARRY_CHAIN            ; MANUAL         ; Untyped                                 ;
; OPTIMIZE_FOR_SPEED     ; 5              ; Untyped                                 ;
; AUTO_CARRY_CHAINS      ; ON             ; AUTO_CARRY                              ;
; IGNORE_CARRY_BUFFERS   ; OFF            ; IGNORE_CARRY                            ;
; AUTO_CASCADE_CHAINS    ; ON             ; AUTO_CASCADE                            ;
; IGNORE_CASCADE_BUFFERS ; OFF            ; IGNORE_CASCADE                          ;
+------------------------+----------------+-----------------------------------------+
Note: In order to hide this table in the UI and the text report file, please set the "Show Parameter Settings in Synthesis Report" option in "Analysis and Synthesis Settings -> More Settings" to "Off".


+-------------------------------------------------------------------------------------------------------------------+
; Port Connectivity Checks: "Sensor:U4"                                                                             ;
+---------+--------+----------+-------------------------------------------------------------------------------------+
; Port    ; Type   ; Severity ; Details                                                                             ;
+---------+--------+----------+-------------------------------------------------------------------------------------+
; digitou ; Output ; Info     ; Connected to dangling logic. Logic that only feeds a dangling port will be removed. ;
; digitod ; Output ; Info     ; Connected to dangling logic. Logic that only feeds a dangling port will be removed. ;
; digitoc ; Output ; Info     ; Connected to dangling logic. Logic that only feeds a dangling port will be removed. ;
; inicio  ; Input  ; Info     ; Stuck at VCC                                                                        ;
+---------+--------+----------+-------------------------------------------------------------------------------------+


+-------------------------------------------+
; Port Connectivity Checks: "MotorPasos:U3" ;
+-------+-------+----------+----------------+
; Port  ; Type  ; Severity ; Details        ;
+-------+-------+----------+----------------+
; fh[1] ; Input ; Info     ; Stuck at GND   ;
; fh[0] ; Input ; Info     ; Stuck at VCC   ;
+-------+-------+----------+----------------+


+----------------------------------------------+
; Port Connectivity Checks: "PWMServomotor:U2" ;
+-----------+-------+----------+---------------+
; Port      ; Type  ; Severity ; Details       ;
+-----------+-------+----------+---------------+
; d[8..7]   ; Input ; Info     ; Stuck at VCC  ;
; d[4..3]   ; Input ; Info     ; Stuck at VCC  ;
; d[15..13] ; Input ; Info     ; Stuck at GND  ;
; d[11]     ; Input ; Info     ; Stuck at VCC  ;
+-----------+-------+----------+---------------+


+-----------------------------------------------------+
; Post-Synthesis Netlist Statistics for Top Partition ;
+-----------------------+-----------------------------+
; Type                  ; Count                       ;
+-----------------------+-----------------------------+
; boundary_port         ; 25                          ;
; cycloneiii_ff         ; 108                         ;
;     ENA               ; 10                          ;
;     ENA SCLR          ; 33                          ;
;     plain             ; 65                          ;
; cycloneiii_lcell_comb ; 259                         ;
;     arith             ; 105                         ;
;         2 data inputs ; 85                          ;
;         3 data inputs ; 20                          ;
;     normal            ; 154                         ;
;         0 data inputs ; 4                           ;
;         1 data inputs ; 9                           ;
;         2 data inputs ; 42                          ;
;         3 data inputs ; 25                          ;
;         4 data inputs ; 74                          ;
;                       ;                             ;
; Max LUT depth         ; 12.20                       ;
; Average LUT depth     ; 5.87                        ;
+-----------------------+-----------------------------+


+-------------------------------+
; Elapsed Time Per Partition    ;
+----------------+--------------+
; Partition Name ; Elapsed Time ;
+----------------+--------------+
; Top            ; 00:00:11     ;
+----------------+--------------+


+-------------------------------+
; Analysis & Synthesis Messages ;
+-------------------------------+
Info: *******************************************************************
Info: Running Quartus Prime Analysis & Synthesis
    Info: Version 20.1.1 Build 720 11/11/2020 SJ Lite Edition
    Info: Processing started: Tue Jan 17 13:48:33 2023
Info: Command: quartus_map --read_settings_files=on --write_settings_files=off Elevador -c Elevador
Warning (18236): Number of processors has not been specified which may cause overloading on shared machines.  Set the global assignment NUM_PARALLEL_PROCESSORS in your QSF to an appropriate value for best performance.
Info (20030): Parallel compilation is enabled and will use 2 of the 2 processors detected
Info (12021): Found 2 design units, including 1 entities, in source file elevador.vhd
    Info (12022): Found design unit 1: Elevador-Behavioral File: C:/Users/Brain/Downloads/VHDL/Elevador.vhd Line: 19
    Info (12023): Found entity 1: Elevador File: C:/Users/Brain/Downloads/VHDL/Elevador.vhd Line: 6
Info (12021): Found 2 design units, including 1 entities, in source file pwmservomotor.vhd
    Info (12022): Found design unit 1: PWMServomotor-Behavioral File: C:/Users/Brain/Downloads/VHDL/PWMServomotor.vhd Line: 12
    Info (12023): Found entity 1: PWMServomotor File: C:/Users/Brain/Downloads/VHDL/PWMServomotor.vhd Line: 6
Info (12021): Found 2 design units, including 1 entities, in source file divisorservomotor.vhd
    Info (12022): Found design unit 1: DivisorServomotor-Behavioral File: C:/Users/Brain/Downloads/VHDL/DivisorServomotor.vhd Line: 11
    Info (12023): Found entity 1: DivisorServomotor File: C:/Users/Brain/Downloads/VHDL/DivisorServomotor.vhd Line: 6
Info (12021): Found 2 design units, including 1 entities, in source file motorpasos.vhd
    Info (12022): Found design unit 1: MotorPasos-behavioral File: C:/Users/Brain/Downloads/VHDL/MotorPasos.vhd Line: 13
    Info (12023): Found entity 1: MotorPasos File: C:/Users/Brain/Downloads/VHDL/MotorPasos.vhd Line: 6
Info (12021): Found 2 design units, including 1 entities, in source file sensor.vhd
    Info (12022): Found design unit 1: Sensor-behavioral File: C:/Users/Brain/Downloads/VHDL/Sensor.vhd Line: 17
    Info (12023): Found entity 1: Sensor File: C:/Users/Brain/Downloads/VHDL/Sensor.vhd Line: 6
Info (12127): Elaborating entity "Elevador" for the top level hierarchy
Warning (10036): Verilog HDL or VHDL warning at Elevador.vhd(60): object "digitou" assigned a value but never read File: C:/Users/Brain/Downloads/VHDL/Elevador.vhd Line: 60
Warning (10036): Verilog HDL or VHDL warning at Elevador.vhd(61): object "digitod" assigned a value but never read File: C:/Users/Brain/Downloads/VHDL/Elevador.vhd Line: 61
Warning (10036): Verilog HDL or VHDL warning at Elevador.vhd(62): object "digitoc" assigned a value but never read File: C:/Users/Brain/Downloads/VHDL/Elevador.vhd Line: 62
Warning (10492): VHDL Process Statement warning at Elevador.vhd(103): signal "clks" is read inside the Process Statement but isn't in the Process Statement's sensitivity list File: C:/Users/Brain/Downloads/VHDL/Elevador.vhd Line: 103
Warning (10631): VHDL Process Statement warning at Elevador.vhd(202): inferring latch(es) for signal or variable "direccion", which holds its previous value in one or more paths through the process File: C:/Users/Brain/Downloads/VHDL/Elevador.vhd Line: 202
Info (10041): Inferred latch for "direccion" at Elevador.vhd(202) File: C:/Users/Brain/Downloads/VHDL/Elevador.vhd Line: 202
Info (12128): Elaborating entity "DivisorServomotor" for hierarchy "DivisorServomotor:U1" File: C:/Users/Brain/Downloads/VHDL/Elevador.vhd Line: 78
Info (12128): Elaborating entity "PWMServomotor" for hierarchy "PWMServomotor:U2" File: C:/Users/Brain/Downloads/VHDL/Elevador.vhd Line: 79
Info (12128): Elaborating entity "MotorPasos" for hierarchy "MotorPasos:U3" File: C:/Users/Brain/Downloads/VHDL/Elevador.vhd Line: 80
Info (12128): Elaborating entity "Sensor" for hierarchy "Sensor:U4" File: C:/Users/Brain/Downloads/VHDL/Elevador.vhd Line: 81
Warning (10492): VHDL Process Statement warning at Sensor.vhd(35): signal "inicio" is read inside the Process Statement but isn't in the Process Statement's sensitivity list File: C:/Users/Brain/Downloads/VHDL/Sensor.vhd Line: 35
Info (278001): Inferred 1 megafunctions from design logic
    Info (278004): Inferred divider/modulo megafunction ("lpm_divide") from the following logic: "PWMServomotor:U2|Mod0" File: C:/Users/Brain/Downloads/VHDL/PWMServomotor.vhd Line: 18
Info (12130): Elaborated megafunction instantiation "PWMServomotor:U2|lpm_divide:Mod0" File: C:/Users/Brain/Downloads/VHDL/PWMServomotor.vhd Line: 18
Info (12133): Instantiated megafunction "PWMServomotor:U2|lpm_divide:Mod0" with the following parameter: File: C:/Users/Brain/Downloads/VHDL/PWMServomotor.vhd Line: 18
    Info (12134): Parameter "LPM_WIDTHN" = "17"
    Info (12134): Parameter "LPM_WIDTHD" = "17"
    Info (12134): Parameter "LPM_NREPRESENTATION" = "UNSIGNED"
    Info (12134): Parameter "LPM_DREPRESENTATION" = "UNSIGNED"
Info (12021): Found 1 design units, including 1 entities, in source file db/lpm_divide_gnl.tdf
    Info (12023): Found entity 1: lpm_divide_gnl File: C:/Users/Brain/Downloads/VHDL/db/lpm_divide_gnl.tdf Line: 25
Info (12021): Found 1 design units, including 1 entities, in source file db/sign_div_unsign_fnh.tdf
    Info (12023): Found entity 1: sign_div_unsign_fnh File: C:/Users/Brain/Downloads/VHDL/db/sign_div_unsign_fnh.tdf Line: 25
Info (12021): Found 1 design units, including 1 entities, in source file db/alt_u_div_8le.tdf
    Info (12023): Found entity 1: alt_u_div_8le File: C:/Users/Brain/Downloads/VHDL/db/alt_u_div_8le.tdf Line: 27
Info (12021): Found 1 design units, including 1 entities, in source file db/add_sub_t3c.tdf
    Info (12023): Found entity 1: add_sub_t3c File: C:/Users/Brain/Downloads/VHDL/db/add_sub_t3c.tdf Line: 23
Info (12021): Found 1 design units, including 1 entities, in source file db/add_sub_u3c.tdf
    Info (12023): Found entity 1: add_sub_u3c File: C:/Users/Brain/Downloads/VHDL/db/add_sub_u3c.tdf Line: 23
Warning (13024): Output pins are stuck at VCC or GND
    Warning (13410): Pin "letrero1[1]" is stuck at GND File: C:/Users/Brain/Downloads/VHDL/Elevador.vhd Line: 14
    Warning (13410): Pin "letrero2[0]" is stuck at GND File: C:/Users/Brain/Downloads/VHDL/Elevador.vhd Line: 15
    Warning (13410): Pin "letrero2[5]" is stuck at GND File: C:/Users/Brain/Downloads/VHDL/Elevador.vhd Line: 15
    Warning (13410): Pin "letrero2[6]" is stuck at GND File: C:/Users/Brain/Downloads/VHDL/Elevador.vhd Line: 15
Info (286030): Timing-Driven Synthesis is running
Info (17049): 24 registers lost all their fanouts during netlist optimizations.
Info (16010): Generating hard_block partition "hard_block:auto_generated_inst"
    Info (16011): Adding 0 node(s), including 0 DDIO, 0 PLL, 0 transceiver and 0 LCELL
Warning (21074): Design contains 1 input pin(s) that do not drive logic
    Warning (15610): No output dependent on input pin "inicio" File: C:/Users/Brain/Downloads/VHDL/Elevador.vhd Line: 16
Info (21057): Implemented 314 device resources after synthesis - the final resource count might be different
    Info (21058): Implemented 5 input pins
    Info (21059): Implemented 20 output pins
    Info (21061): Implemented 289 logic cells
Info: Quartus Prime Analysis & Synthesis was successful. 0 errors, 14 warnings
    Info: Peak virtual memory: 4799 megabytes
    Info: Processing ended: Tue Jan 17 13:49:39 2023
    Info: Elapsed time: 00:01:06
    Info: Total CPU time (on all processors): 00:00:47


